[    0.000000] Linux version 4.15.0-70-generic (buildd@lgw01-amd64-055) (gcc version 7.4.0 (Ubuntu 7.4.0-1ubuntu1~18.04.1)) #79-Ubuntu SMP Tue Nov 12 10:36:11 UTC 2019 (Ubuntu 4.15.0-70.79-generic 4.15.18)
[    0.000000] Command line: BOOT_IMAGE=/boot/vmlinuz-4.15.0-70-generic root=LABEL=cloudimg-rootfs ro console=tty1 console=ttyS0
[    0.000000] KERNEL supported cpus:
[    0.000000]   Intel GenuineIntel
[    0.000000]   AMD AuthenticAMD
[    0.000000]   Centaur CentaurHauls
[    0.000000] x86/fpu: Supporting XSAVE feature 0x001: 'x87 floating point registers'
[    0.000000] x86/fpu: Supporting XSAVE feature 0x002: 'SSE registers'
[    0.000000] x86/fpu: Supporting XSAVE feature 0x004: 'AVX registers'
[    0.000000] x86/fpu: xstate_offset[2]:  576, xstate_sizes[2]:  256
[    0.000000] x86/fpu: Enabled xstate features 0x7, context size is 832 bytes, using 'standard' format.
[    0.000000] e820: BIOS-provided physical RAM map:
[    0.000000] BIOS-e820: [mem 0x0000000000000000-0x000000000009fbff] usable
[    0.000000] BIOS-e820: [mem 0x000000000009fc00-0x000000000009ffff] reserved
[    0.000000] BIOS-e820: [mem 0x00000000000f0000-0x00000000000fffff] reserved
[    0.000000] BIOS-e820: [mem 0x0000000000100000-0x000000003ffeffff] usable
[    0.000000] BIOS-e820: [mem 0x000000003fff0000-0x000000003fffffff] ACPI data
[    0.000000] BIOS-e820: [mem 0x00000000fec00000-0x00000000fec00fff] reserved
[    0.000000] BIOS-e820: [mem 0x00000000fee00000-0x00000000fee00fff] reserved
[    0.000000] BIOS-e820: [mem 0x00000000fffc0000-0x00000000ffffffff] reserved
[    0.000000] NX (Execute Disable) protection: active
[    0.000000] SMBIOS 2.5 present.
[    0.000000] DMI: innotek GmbH VirtualBox/VirtualBox, BIOS VirtualBox 12/01/2006
[    0.000000] Hypervisor detected: KVM
[    0.000000] e820: last_pfn = 0x3fff0 max_arch_pfn = 0x400000000
[    0.000000] MTRR: Disabled
[    0.000000] x86/PAT: MTRRs disabled, skipping PAT initialization too.
[    0.000000] CPU MTRRs all blank - virtualized system.
[    0.000000] x86/PAT: Configuration [0-7]: WB  WT  UC- UC  WB  WT  UC- UC  
[    0.000000] found SMP MP-table at [mem 0x0009fff0-0x0009ffff]
[    0.000000] Scanning 1 areas for low memory corruption
[    0.000000] RAMDISK: [mem 0x35a87000-0x36d3afff]
[    0.000000] ACPI: Early table checksum verification disabled
[    0.000000] ACPI: RSDP 0x00000000000E0000 000024 (v02 VBOX  )
[    0.000000] ACPI: XSDT 0x000000003FFF0030 00003C (v01 VBOX   VBOXXSDT 00000001 ASL  00000061)
[    0.000000] ACPI: FACP 0x000000003FFF00F0 0000F4 (v04 VBOX   VBOXFACP 00000001 ASL  00000061)
[    0.000000] ACPI: DSDT 0x000000003FFF0470 0022EA (v02 VBOX   VBOXBIOS 00000002 INTL 20100528)
[    0.000000] ACPI: FACS 0x000000003FFF0200 000040
[    0.000000] ACPI: FACS 0x000000003FFF0200 000040
[    0.000000] ACPI: APIC 0x000000003FFF0240 00005C (v02 VBOX   VBOXAPIC 00000001 ASL  00000061)
[    0.000000] ACPI: SSDT 0x000000003FFF02A0 0001CC (v01 VBOX   VBOXCPUT 00000002 INTL 20100528)
[    0.000000] No NUMA configuration found
[    0.000000] Faking a node at [mem 0x0000000000000000-0x000000003ffeffff]
[    0.000000] NODE_DATA(0) allocated [mem 0x3ffc5000-0x3ffeffff]
[    0.000000] kvm-clock: cpu 0, msr 0:3ff44001, primary cpu clock
[    0.000000] kvm-clock: Using msrs 4b564d01 and 4b564d00
[    0.000000] kvm-clock: using sched offset of 4219632322 cycles
[    0.000000] clocksource: kvm-clock: mask: 0xffffffffffffffff max_cycles: 0x1cd42e4dffb, max_idle_ns: 881590591483 ns
[    0.000000] Zone ranges:
[    0.000000]   DMA      [mem 0x0000000000001000-0x0000000000ffffff]
[    0.000000]   DMA32    [mem 0x0000000001000000-0x000000003ffeffff]
[    0.000000]   Normal   empty
[    0.000000]   Device   empty
[    0.000000] Movable zone start for each node
[    0.000000] Early memory node ranges
[    0.000000]   node   0: [mem 0x0000000000001000-0x000000000009efff]
[    0.000000]   node   0: [mem 0x0000000000100000-0x000000003ffeffff]
[    0.000000] Reserved but unavailable: 98 pages
[    0.000000] Initmem setup node 0 [mem 0x0000000000001000-0x000000003ffeffff]
[    0.000000] ACPI: PM-Timer IO Port: 0x4008
[    0.000000] IOAPIC[0]: apic_id 2, version 32, address 0xfec00000, GSI 0-23
[    0.000000] ACPI: INT_SRC_OVR (bus 0 bus_irq 0 global_irq 2 dfl dfl)
[    0.000000] ACPI: INT_SRC_OVR (bus 0 bus_irq 9 global_irq 9 low level)
[    0.000000] Using ACPI (MADT) for SMP configuration information
[    0.000000] smpboot: Allowing 2 CPUs, 0 hotplug CPUs
[    0.000000] PM: Registered nosave memory: [mem 0x00000000-0x00000fff]
[    0.000000] PM: Registered nosave memory: [mem 0x0009f000-0x0009ffff]
[    0.000000] PM: Registered nosave memory: [mem 0x000a0000-0x000effff]
[    0.000000] PM: Registered nosave memory: [mem 0x000f0000-0x000fffff]
[    0.000000] e820: [mem 0x40000000-0xfebfffff] available for PCI devices
[    0.000000] Booting paravirtualized kernel on KVM
[    0.000000] clocksource: refined-jiffies: mask: 0xffffffff max_cycles: 0xffffffff, max_idle_ns: 7645519600211568 ns
[    0.000000] random: get_random_bytes called from start_kernel+0x99/0x4fd with crng_init=0
[    0.000000] setup_percpu: NR_CPUS:8192 nr_cpumask_bits:2 nr_cpu_ids:2 nr_node_ids:1
[    0.000000] percpu: Embedded 45 pages/cpu s147456 r8192 d28672 u1048576
[    0.000000] PV qspinlock hash table entries: 256 (order: 0, 4096 bytes)
[    0.000000] Built 1 zonelists, mobility grouping on.  Total pages: 257913
[    0.000000] Policy zone: DMA32
[    0.000000] Kernel command line: BOOT_IMAGE=/boot/vmlinuz-4.15.0-70-generic root=LABEL=cloudimg-rootfs ro console=tty1 console=ttyS0
[    0.000000] Memory: 983436K/1048120K available (12300K kernel code, 2481K rwdata, 4264K rodata, 2432K init, 2388K bss, 64684K reserved, 0K cma-reserved)
[    0.000000] SLUB: HWalign=64, Order=0-3, MinObjects=0, CPUs=2, Nodes=1
[    0.000000] Kernel/User page tables isolation: enabled
[    0.000000] ftrace: allocating 39315 entries in 154 pages
[    0.004000] Hierarchical RCU implementation.
[    0.004000] 	RCU restricting CPUs from NR_CPUS=8192 to nr_cpu_ids=2.
[    0.004000] 	Tasks RCU enabled.
[    0.004000] RCU: Adjusting geometry for rcu_fanout_leaf=16, nr_cpu_ids=2
[    0.004000] NR_IRQS: 524544, nr_irqs: 440, preallocated irqs: 16
[    0.004000] Console: colour VGA+ 80x25
[    0.004000] console [tty1] enabled
[    0.004000] console [ttyS0] enabled
[    0.004000] ACPI: Core revision 20170831
[    0.004000] ACPI: 2 ACPI AML tables successfully acquired and loaded
[    0.004000] APIC: Switch to symmetric I/O mode setup
[    0.004000] x2apic enabled
[    0.004000] Switched APIC routing to physical x2apic.
[    0.004000] ..TIMER: vector=0x30 apic1=0 pin1=2 apic2=-1 pin2=-1
[    0.004004] tsc: Detected 3990.762 MHz processor
[    0.008007] Calibrating delay loop (skipped) preset value.. 7981.52 BogoMIPS (lpj=15963048)
[    0.009992] pid_max: default: 32768 minimum: 301
[    0.012049] Security Framework initialized
[    0.013022] Yama: becoming mindful.
[    0.013894] AppArmor: AppArmor initialized
[    0.015906] Dentry cache hash table entries: 131072 (order: 8, 1048576 bytes)
[    0.016076] Inode-cache hash table entries: 65536 (order: 7, 524288 bytes)
[    0.017568] Mount-cache hash table entries: 2048 (order: 2, 16384 bytes)
[    0.020006] Mountpoint-cache hash table entries: 2048 (order: 2, 16384 bytes)
[    0.021901] Last level iTLB entries: 4KB 1024, 2MB 1024, 4MB 1024
[    0.024002] Last level dTLB entries: 4KB 1024, 2MB 1024, 4MB 1024, 1GB 4
[    0.025456] Spectre V1 : Mitigation: usercopy/swapgs barriers and __user pointer sanitization
[    0.027391] Spectre V2 : Mitigation: Full generic retpoline
[    0.028001] Spectre V2 : Spectre v2 / SpectreRSB mitigation: Filling RSB on context switch
[    0.029951] Speculative Store Bypass: Vulnerable
[    0.031255] MDS: Vulnerable: Clear CPU buffers attempted, no microcode
[    0.032282] Freeing SMP alternatives memory: 36K
[    0.144934] smpboot: CPU0: Intel(R) Core(TM) i7-4790K CPU @ 4.00GHz (family: 0x6, model: 0x3c, stepping: 0x3)
[    0.147596] Performance Events: unsupported p6 CPU model 60 no PMU driver, software events only.
[    0.148033] Hierarchical SRCU implementation.
[    0.149698] NMI watchdog: Perf event create on CPU 0 failed with -2
[    0.152001] NMI watchdog: Perf NMI watchdog permanently disabled
[    0.153563] smp: Bringing up secondary CPUs ...
[    0.154802] x86: Booting SMP configuration:
[    0.156002] .... node  #0, CPUs:      #1
[    0.004000] kvm-clock: cpu 1, msr 0:3ff44041, secondary cpu clock
[    0.160024] smp: Brought up 1 node, 2 CPUs
[    0.160982] smpboot: Max logical packages: 1
[    0.162074] smpboot: Total of 2 processors activated (15963.04 BogoMIPS)
[    0.164133] devtmpfs: initialized
[    0.164956] x86/mm: Memory block size: 128MB
[    0.166258] evm: security.selinux
[    0.167113] evm: security.SMACK64
[    0.167962] evm: security.SMACK64EXEC
[    0.168005] evm: security.SMACK64TRANSMUTE
[    0.169118] evm: security.SMACK64MMAP
[    0.170060] evm: security.apparmor
[    0.172003] evm: security.ima
[    0.172779] evm: security.capability
[    0.173688] clocksource: jiffies: mask: 0xffffffff max_cycles: 0xffffffff, max_idle_ns: 7645041785100000 ns
[    0.176008] futex hash table entries: 512 (order: 3, 32768 bytes)
[    0.178310] pinctrl core: initialized pinctrl subsystem
[    0.180134] RTC time: 22:11:23, date: 11/15/19
[    0.181335] NET: Registered protocol family 16
[    0.182557] audit: initializing netlink subsys (disabled)
[    0.184024] audit: type=2000 audit(1573855888.805:1): state=initialized audit_enabled=0 res=1
[    0.184168] cpuidle: using governor ladder
[    0.184992] cpuidle: using governor menu
[    0.188081] ACPI: bus type PCI registered
[    0.189054] acpiphp: ACPI Hot Plug PCI Controller Driver version: 0.5
[    0.190681] PCI: Using configuration type 1 for base access
[    0.194108] HugeTLB registered 2.00 MiB page size, pre-allocated 0 pages
[    0.196101] ACPI: Added _OSI(Module Device)
[    0.197319] ACPI: Added _OSI(Processor Device)
[    0.198656] ACPI: Added _OSI(3.0 _SCP Extensions)
[    0.199889] ACPI: Added _OSI(Processor Aggregator Device)
[    0.200010] ACPI: Added _OSI(Linux-Dell-Video)
[    0.201160] ACPI: Added _OSI(Linux-Lenovo-NV-HDMI-Audio)
[    0.202354] ACPI: Added _OSI(Linux-HPI-Hybrid-Graphics)
[    0.204387] ACPI: Executed 1 blocks of module-level executable AML code
[    0.216326] ACPI: Interpreter enabled
[    0.217355] ACPI: (supports S0 S5)
[    0.218389] ACPI: Using IOAPIC for interrupt routing
[    0.220319] PCI: Using host bridge windows from ACPI; if necessary, use "pci=nocrs" and report a bug
[    0.222928] ACPI: Enabled 2 GPEs in block 00 to 07
[    0.237434] ACPI: PCI Root Bridge [PCI0] (domain 0000 [bus 00-ff])
[    0.239063] acpi PNP0A03:00: _OSC: OS supports [ASPM ClockPM Segments MSI]
[    0.241321] acpi PNP0A03:00: _OSC: not requesting OS control; OS requires [ExtendedConfig ASPM ClockPM MSI]
[    0.244018] acpi PNP0A03:00: fail to add MMCONFIG information, can't access extended PCI configuration space under this bridge.
[    0.248270] PCI host bridge to bus 0000:00
[    0.249354] pci_bus 0000:00: root bus resource [io  0x0000-0x0cf7 window]
[    0.251037] pci_bus 0000:00: root bus resource [io  0x0d00-0xffff window]
[    0.252003] pci_bus 0000:00: root bus resource [mem 0x000a0000-0x000bffff window]
[    0.254034] pci_bus 0000:00: root bus resource [mem 0x40000000-0xfdffffff window]
[    0.255988] pci_bus 0000:00: root bus resource [bus 00-ff]
[    0.260582] pci 0000:00:01.1: legacy IDE quirk: reg 0x10: [io  0x01f0-0x01f7]
[    0.262318] pci 0000:00:01.1: legacy IDE quirk: reg 0x14: [io  0x03f6]
[    0.263955] pci 0000:00:01.1: legacy IDE quirk: reg 0x18: [io  0x0170-0x0177]
[    0.264003] pci 0000:00:01.1: legacy IDE quirk: reg 0x1c: [io  0x0376]
[    0.281365] pci 0000:00:07.0: quirk: [io  0x4000-0x403f] claimed by PIIX4 ACPI
[    0.283267] pci 0000:00:07.0: quirk: [io  0x4100-0x410f] claimed by PIIX4 SMB
[    0.290462] ACPI: PCI Interrupt Link [LNKA] (IRQs 5 9 10 *11)
[    0.292151] ACPI: PCI Interrupt Link [LNKB] (IRQs 5 9 *10 11)
[    0.293759] ACPI: PCI Interrupt Link [LNKC] (IRQs 5 *9 10 11)
[    0.296210] ACPI: PCI Interrupt Link [LNKD] (IRQs 5 9 10 *11)
[    0.298179] SCSI subsystem initialized
[    0.299226] pci 0000:00:02.0: vgaarb: setting as boot VGA device
[    0.299226] pci 0000:00:02.0: vgaarb: VGA device added: decodes=io+mem,owns=io+mem,locks=none
[    0.300004] pci 0000:00:02.0: vgaarb: bridge control possible
[    0.304002] vgaarb: loaded
[    0.304815] ACPI: bus type USB registered
[    0.305884] usbcore: registered new interface driver usbfs
[    0.307270] usbcore: registered new interface driver hub
[    0.308023] usbcore: registered new device driver usb
[    0.309377] EDAC MC: Ver: 3.0.0
[    0.312214] PCI: Using ACPI for IRQ routing
[    0.313450] NetLabel: Initializing
[    0.314370] NetLabel:  domain hash size = 128
[    0.315547] NetLabel:  protocols = UNLABELED CIPSOv4 CALIPSO
[    0.316020] NetLabel:  unlabeled traffic allowed by default
[    0.317296] clocksource: Switched to clocksource kvm-clock
[    0.342098] VFS: Disk quotas dquot_6.6.0
[    0.343158] VFS: Dquot-cache hash table entries: 512 (order 0, 4096 bytes)
[    0.345110] AppArmor: AppArmor Filesystem Enabled
[    0.346318] pnp: PnP ACPI init
[    0.349010] pnp: PnP ACPI: found 3 devices
[    0.358501] clocksource: acpi_pm: mask: 0xffffff max_cycles: 0xffffff, max_idle_ns: 2085701024 ns
[    0.360095] NET: Registered protocol family 2
[    0.361924] TCP established hash table entries: 8192 (order: 4, 65536 bytes)
[    0.363802] TCP bind hash table entries: 8192 (order: 5, 131072 bytes)
[    0.367440] TCP: Hash tables configured (established 8192 bind 8192)
[    0.368879] UDP hash table entries: 512 (order: 2, 16384 bytes)
[    0.370391] UDP-Lite hash table entries: 512 (order: 2, 16384 bytes)
[    0.371986] NET: Registered protocol family 1
[    0.373104] pci 0000:00:00.0: Limiting direct PCI/PCI transfers
[    0.374493] pci 0000:00:01.0: Activating ISA DMA hang workarounds
[    0.375890] pci 0000:00:02.0: Video device with shadowed ROM at [mem 0x000c0000-0x000dffff]
[    0.378044] Unpacking initramfs...
[    0.825868] Freeing initrd memory: 19152K
[    0.827070] clocksource: tsc: mask: 0xffffffffffffffff max_cycles: 0x730c8be8151, max_idle_ns: 881591058046 ns
[    0.829669] platform rtc_cmos: registered platform RTC device (no PNP device found)
[    0.831461] Scanning for low memory corruption every 60 seconds
[    0.833546] Initialise system trusted keyrings
[    0.834643] Key type blacklist registered
[    0.835823] workingset: timestamp_bits=36 max_order=18 bucket_order=0
[    0.839484] zbud: loaded
[    0.840884] squashfs: version 4.0 (2009/01/31) Phillip Lougher
[    0.842426] fuse init (API version 7.26)
[    0.845444] Key type asymmetric registered
[    0.846414] Asymmetric key parser 'x509' registered
[    0.847567] Block layer SCSI generic (bsg) driver version 0.4 loaded (major 246)
[    0.849392] io scheduler noop registered
[    0.850327] io scheduler deadline registered
[    0.851370] io scheduler cfq registered (default)
[    0.852844] ACPI: AC Adapter [AC] (on-line)
[    0.853975] input: Power Button as /devices/LNXSYSTM:00/LNXPWRBN:00/input/input0
[    0.855703] ACPI: Power Button [PWRF]
[    0.856742] input: Sleep Button as /devices/LNXSYSTM:00/LNXSLPBN:00/input/input1
[    0.858483] ACPI: Sleep Button [SLPF]
[    0.859783] Serial: 8250/16550 driver, 32 ports, IRQ sharing enabled
[    0.882223] 00:02: ttyS0 at I/O 0x3f8 (irq = 4, base_baud = 115200) is a 16550A
[    0.887691] Linux agpgart interface v0.103
[    0.890679] loop: module loaded
[    0.892309] scsi host0: ata_piix
[    0.893333] scsi host1: ata_piix
[    0.894293] ata1: PATA max UDMA/33 cmd 0x1f0 ctl 0x3f6 bmdma 0xd000 irq 14
[    0.895959] ata2: PATA max UDMA/33 cmd 0x170 ctl 0x376 bmdma 0xd008 irq 15
[    0.897937] libphy: Fixed MDIO Bus: probed
[    0.899093] tun: Universal TUN/TAP device driver, 1.6
[    0.900607] PPP generic driver version 2.4.2
[    0.901836] ehci_hcd: USB 2.0 'Enhanced' Host Controller (EHCI) Driver
[    0.903411] ehci-pci: EHCI PCI platform driver
[    0.904680] ehci-platform: EHCI generic platform driver
[    0.906019] ohci_hcd: USB 1.1 'Open' Host Controller (OHCI) Driver
[    0.907697] ohci-pci: OHCI PCI platform driver
[    0.908891] ohci-platform: OHCI generic platform driver
[    0.910245] uhci_hcd: USB Universal Host Controller Interface driver
[    0.911907] i8042: PNP: PS/2 Controller [PNP0303:PS2K,PNP0f03:PS2M] at 0x60,0x64 irq 1,12
[    0.914611] serio: i8042 KBD port at 0x60,0x64 irq 1
[    0.915893] serio: i8042 AUX port at 0x60,0x64 irq 12
[    0.917322] mousedev: PS/2 mouse device common for all mice
[    0.919331] input: AT Translated Set 2 keyboard as /devices/platform/i8042/serio0/input/input2
[    0.921654] rtc_cmos rtc_cmos: rtc core: registered rtc_cmos as rtc0
[    0.923125] rtc_cmos rtc_cmos: alarms up to one day, 114 bytes nvram
[    0.924530] i2c /dev entries driver
[    0.925481] device-mapper: uevent: version 1.0.3
[    0.926642] device-mapper: ioctl: 4.37.0-ioctl (2017-09-20) initialised: dm-devel@redhat.com
[    0.928687] ledtrig-cpu: registered to indicate activity on CPUs
[    0.930497] NET: Registered protocol family 10
[    0.934515] Segment Routing with IPv6
[    0.935549] NET: Registered protocol family 17
[    0.936678] Key type dns_resolver registered
[    0.937957] mce: Using 0 MCE banks
[    0.938808] RAS: Correctable Errors collector initialized.
[    0.940134] sched_clock: Marking stable (937879935, 0)->(1170753839, -232873904)
[    0.942407] registered taskstats version 1
[    0.943391] Loading compiled-in X.509 certificates
[    0.946389] Loaded X.509 cert 'Build time autogenerated kernel key: 1859b0531897959199376c446a0bd70df75fd1fc'
[    0.948621] zswap: loaded using pool lzo/zbud
[    0.952672] Key type big_key registered
[    0.953714] Key type trusted registered
[    0.955790] Key type encrypted registered
[    0.956902] AppArmor: AppArmor sha1 policy hashing enabled
[    0.958288] ima: No TPM chip found, activating TPM-bypass! (rc=-19)
[    0.959865] ima: Allocated hash algorithm: sha1
[    0.961120] evm: HMAC attrs: 0x1
[    0.962235]   Magic number: 11:110:199
[    0.963341] rtc_cmos rtc_cmos: setting system clock to 2019-11-15 22:11:24 UTC (1573855884)
[    0.965603] BIOS EDD facility v0.16 2004-Jun-25, 0 devices found
[    0.967071] EDD information not available.
[    1.063474] Freeing unused kernel image memory: 2432K
[    1.072233] Write protecting the kernel read-only data: 20480k
[    1.074737] Freeing unused kernel image memory: 2008K
[    1.076256] Freeing unused kernel image memory: 1880K
[    1.101289] x86/mm: Checked W+X mappings: passed, no W+X pages found.
[    1.102977] x86/mm: Checking user space page tables
[    1.127518] x86/mm: Checked W+X mappings: passed, no W+X pages found.
Loading, please wait...
starting version 237
[    1.236730] Fusion MPT base driver 3.04.20
[    1.237916] Copyright (c) 1999-2008 LSI Corporation
[    1.252062] e1000: Intel(R) PRO/1000 Network Driver - version 7.3.21-k8-NAPI
[    1.253819] e1000: Copyright (c) 1999-2006 Intel Corporation.
[    1.261301] AVX2 version of gcm_enc/dec engaged.
[    1.262531] AES CTR mode by8 optimization enabled
[    1.268527] Fusion MPT SPI Host driver 3.04.20
[    1.448253] input: ImExPS/2 Generic Explorer Mouse as /devices/platform/i8042/serio1/input/input4
[    1.679356] e1000 0000:00:03.0 eth0: (PCI:33MHz:32-bit) 02:51:75:a4:93:2b
[    1.681073] e1000 0000:00:03.0 eth0: Intel(R) PRO/1000 Network Connection
[    1.684333] mptbase: ioc0: Initiating bringup
[    1.686159] e1000 0000:00:03.0 enp0s3: renamed from eth0
[    1.909357] ioc0: LSI53C1030 A0: Capabilities={Initiator}
[    2.963739] scsi host2: ioc0: LSI53C1030 A0, FwRev=00000000h, Ports=1, MaxQ=256, IRQ=20
[    3.369064] scsi 2:0:0:0: Direct-Access     VBOX     HARDDISK         1.0  PQ: 0 ANSI: 5
[    3.400525] scsi target2:0:0: Beginning Domain Validation
[    3.403376] scsi target2:0:0: Domain Validation skipping write tests
[    3.404842] scsi target2:0:0: Ending Domain Validation
[    3.406077] scsi target2:0:0: asynchronous
[    3.407485] scsi 2:0:1:0: Direct-Access     VBOX     HARDDISK         1.0  PQ: 0 ANSI: 5
[    3.440151] scsi target2:0:1: Beginning Domain Validation
[    3.442962] random: fast init done
[    3.444217] scsi target2:0:1: Domain Validation skipping write tests
[    3.445856] scsi target2:0:1: Ending Domain Validation
[    3.447118] scsi target2:0:1: asynchronous
[    3.451109] random: systemd-udevd: uninitialized urandom read (16 bytes read)
[    3.452742] sd 2:0:0:0: Attached scsi generic sg0 type 0
[    3.452858] random: systemd-udevd: uninitialized urandom read (16 bytes read)
[    3.455580] random: systemd-udevd: uninitialized urandom read (16 bytes read)
[    3.457305] sd 2:0:0:0: [sda] 20971520 512-byte logical blocks: (10.7 GB/10.0 GiB)
[    3.457328] sd 2:0:1:0: Attached scsi generic sg1 type 0
[    3.459178] sd 2:0:0:0: [sda] Write Protect is off
[    3.461763] sd 2:0:0:0: [sda] Incomplete mode parameter data
[    3.461766] sd 2:0:1:0: [sdb] 20480 512-byte logical blocks: (10.5 MB/10.0 MiB)
[    3.463044] sd 2:0:0:0: [sda] Assuming drive cache: write through
[    3.466645] sd 2:0:1:0: [sdb] Write Protect is off
[    3.468071]  sda: sda1
[    3.468768] sd 2:0:1:0: [sdb] Incomplete mode parameter data
[    3.469390] sd 2:0:0:0: [sda] Attached SCSI disk
[    3.470117] sd 2:0:1:0: [sdb] Assuming drive cache: write through
[    3.477598] sd 2:0:1:0: [sdb] Attached SCSI disk
Begin: Loading essential drivers ... [    5.308004] raid6: sse2x1   gen()  3769 MB/s
[    5.356121] raid6: sse2x1   xor()  2433 MB/s
[    5.404468] raid6: sse2x2   gen()  8461 MB/s
[    5.452292] raid6: sse2x2   xor()  3840 MB/s
[    5.500136] raid6: sse2x4   gen()  9441 MB/s
[    5.548475] raid6: sse2x4   xor()  5545 MB/s
[    5.596302] raid6: avx2x1   gen()  7559 MB/s
[    5.644274] raid6: avx2x1   xor()  4089 MB/s
[    5.692124] raid6: avx2x2   gen() 14105 MB/s
[    5.740479] raid6: avx2x2   xor()  7330 MB/s
[    5.788322] raid6: avx2x4   gen() 19030 MB/s
[    5.836153] raid6: avx2x4   xor() 11052 MB/s
[    5.837521] raid6: using algorithm avx2x4 gen() 19030 MB/s
[    5.838794] raid6: .... xor() 11052 MB/s, rmw enabled
[    5.839948] raid6: using avx2x2 recovery algorithm
[    5.842452] xor: automatically using best checksumming function   avx       
[    5.845357] async_tx: api initialized (async)
done.
Begin: Running /scripts/init-premount ... done.
Begin: Mounting root file system ... Begin: Running /scripts/local-top ... done.
Begin: Running /scripts/local-premount ... [    5.906429] Btrfs loaded, crc32c=crc32c-intel
Scanning for Btrfs filesystems
done.
Warning: fsck not present, so skipping root file system
[    5.935663] EXT4-fs (sda1): mounted filesystem with ordered data mode. Opts: (null)
done.
Begin: Running /scripts/local-bottom ... done.
Begin: Running /scripts/init-bottom ... done.
[    6.127044] ip_tables: (C) 2000-2006 Netfilter Core Team
[    6.136317] systemd[1]: systemd 237 running in system mode. (+PAM +AUDIT +SELINUX +IMA +APPARMOR +SMACK +SYSVINIT +UTMP +LIBCRYPTSETUP +GCRYPT +GNUTLS +ACL +XZ +LZ4 +SECCOMP +BLKID +ELFUTILS +KMOD -IDN2 +IDN -PCRE2 default-hierarchy=hybrid)
[    6.141354] systemd[1]: Detected virtualization oracle.
[    6.142725] systemd[1]: Detected architecture x86-64.

Welcome to [1mUbuntu 18.04.3 LTS[0m!

[    6.149394] systemd[1]: Set hostname to <ubuntu>.
[    6.153403] systemd[1]: Initializing machine ID from random generator.
[    6.155000] systemd[1]: Installed transient /etc/machine-id file.
[    6.408979] systemd[1]: Created slice System Slice.
[[0;32m  OK  [0m] Created slice System Slice.
[    6.411046] systemd[1]: Listening on Journal Socket.
[[0;32m  OK  [0m] Listening on Journal Socket.
[    6.413132] systemd[1]: Listening on LVM2 poll daemon socket.
[[0;32m  OK  [0m] Listening on LVM2 poll daemon socket.
[    6.416059] systemd[1]: Created slice system-serial\x2dgetty.slice.
[[0;32m  OK  [0m] Created slice system-serial\x2dgetty.slice.
         Starting Create list of required stâ€¦ce nodes for the current kernel...
[[0;32m  OK  [0m] Set up automount Arbitrary Executabâ€¦rmats File System Automount Point.
[[0;32m  OK  [0m] Listening on LVM2 metadata daemon socket.
         Mounting Huge Pages File System...
[[0;32m  OK  [0m] Reached target Swap.
[[0;32m  OK  [0m] Reached target System Time Synchronized.
[[0;32m  OK  [0m] Listening on Network Service Netlink Socket.
         Mounting POSIX Message Queue File System...
[[0;32m  OK  [0m] Listening on Journal Audit Socket.
         Mounting Kernel Debug File System...
[[0;32m  OK  [0m] Created slice User and Session Slice.
[[0;32m  OK  [0m] Started Forward Password Requests to Wall Directory Watch.
[[0;32m  OK  [0m] Listening on /dev/initctl Compatibility Named Pipe.
[[0;32m  OK  [0m] Listening on udev Control Socket.
         Starting Uncomplicated firewall...
[[0;32m  OK  [0m] Listening on Journal Socket (/dev/log).
[[0;32m  OK  [0m] Reached target Slices.
         Starting Remount Root and Kernel File Systems...
[[0;32m  OK  [0m] Listening on Device-mapper event daemon FIFOs.
         Starting Monitoring of LVM2 mirrorsâ€¦ng dmeventd or progress polling...
[[0;32m  OK  [0m] Reached target User and Group Name Lookups.
         Starting Load Kernel Modules...
         Starting Set the console keyboard layout...
[[0;32m  OK  [0m] Listening on udev Kernel Socket.
         Starting udev Coldplug all Devices...
[[0;32m  OK  [0m] Listening on Syslog Socket.
         Starting Journal Service...
[[0;32m  OK  [0m] Started Create list of required staâ€¦vice nodes for the current kernel.
[    6.529184] EXT4-fs (sda1): re-mounted. Opts: (null)
[[0;32m  OK  [0m] Mounted Huge Pages File System.
[[0;32m  OK  [0m] Mounted POSIX Message Queue File System.
[[0;32m  OK  [0m] Mounted Kernel Debug File System.
[[0;32m  OK  [0m] Started Uncomplicated firewall.
[[0;32m  OK  [0m] Started Remount Root and Kernel File Systems.
[[0;32m  OK  [0m] Started LVM2 metadata daemon.
[    6.548766] Loading iSCSI transport class v2.0-870.
         Starting Load/Save Random Seed...
         Starting Create Static Device Nodes in /dev...
[    6.600350] iscsi: registered transport (tcp)
[[0;32m  OK  [0m] Started Monitoring of LVM2 mirrors,â€¦sing dmeventd or progress polling.
[[0;32m  OK  [0m] Started Load/Save Random Seed.
[[0;32m  OK  [0m] Started Journal Service.
         Starting Flush Journal to Persistent Storage...
[    6.682399] iscsi: registered transport (iser)
[[0;32m  OK  [0m] Started Load Kernel Modules.
         Mounting FUSE Control File System...
         Mounting Kernel Configuration File System...
         Starting Apply Kernel Variables...
[[0;32m  OK  [0m] Mounted FUSE Control File System.
[[0;32m  OK  [0m] Mounted Kernel Configuration File System.
[[0;32m  OK  [0m] Started Create Static Device Nodes in /dev.
         Starting udev Kernel Device Manager...
[    6.717204] systemd-journald[397]: Received request to flush runtime journal from PID 1
[[0;32m  OK  [0m] Started udev Coldplug all Devices.
[[0;32m  OK  [0m] Started Apply Kernel Variables.
[[0;32m  OK  [0m] Started udev Kernel Device Manager.
[[0;32m  OK  [0m] Started Flush Journal to Persistent Storage.
[[0;32m  OK  [0m] Started Set the console keyboard layout.
[[0;32m  OK  [0m] Reached target Local File Systems (Pre).
[[0;32m  OK  [0m] Reached target Local File Systems.
         Starting Set console font and keymap...
         Starting Tell Plymouth To Write Out Runtime Data...
         Starting Create Volatile Files and Directories...
         Starting AppArmor initialization...
         Starting Commit a transient machine-id on disk...
         Starting ebtables ruleset management...
[[0;32m  OK  [0m] Started Dispatch Password Requests to Console Directory Watch.
[[0;32m  OK  [0m] Reached target Local Encrypted Volumes.
[[0;32m  OK  [0m] Started Set console font and keymap.
[[0;32m  OK  [0m] Started Tell Plymouth To Write Out Runtime Data.
[[0;32m  OK  [0m] Started Create Volatile Files and Directories.
         Starting Update UTMP about System Boot/Shutdown...
[[0;32m  OK  [0m] Started Update UTMP about System Boot/Shutdown.
[[0;32m  OK  [0m] Started Commit a transient machine-id on disk.
[[0;32m  OK  [0m] Started ebtables ruleset management.
[[0;32m  OK  [0m] Found device /dev/ttyS0.
[[0;32m  OK  [0m] Listening on Load/Save RF Kill Switch Status /dev/rfkill Watch.
[[0;32m  OK  [0m] Started AppArmor initialization.
         Starting Initial cloud-init job (pre-networking)...
[   10.239801] cloud-init[543]: Cloud-init v. 19.2-36-g059d049c-0ubuntu2~18.04.1 running 'init-local' at Fri, 15 Nov 2019 22:11:33 +0000. Up 9.77 seconds.
[[0;32m  OK  [0m] Started Initial cloud-init job (pre-networking).
[[0;32m  OK  [0m] Reached target Network (Pre).
         Starting Network Service...
[[0;32m  OK  [0m] Started Network Service.
         Starting Network Name Resolution...
         Starting Wait for Network to be Configured...
[[0;32m  OK  [0m] Started Network Name Resolution.
[[0;32m  OK  [0m] Reached target Network.
[[0;32m  OK  [0m] Reached target Host and Network Name Lookups.
[[0;32m  OK  [0m] Started Wait for Network to be Configured.
         Starting Initial cloud-init job (metadata service crawler)...
[   12.582437] cloud-init[671]: Cloud-init v. 19.2-36-g059d049c-0ubuntu2~18.04.1 running 'init' at Fri, 15 Nov 2019 22:11:35 +0000. Up 12.34 seconds.
[   12.584792] cloud-init[671]: ci-info: ++++++++++++++++++++++++++++++++++++++Net device info++++++++++++++++++++++++++++++++++++++
[   12.586160] cloud-init[671]: ci-info: +--------+------+----------------------------+---------------+--------+-------------------+
[   12.587705] cloud-init[671]: ci-info: | Device |  Up  |          Address           |      Mask     | Scope  |     Hw-Address    |
[   12.589541] cloud-init[671]: ci-info: +--------+------+----------------------------+---------------+--------+-------------------+
[   12.590832] cloud-init[671]: ci-info: | enp0s3 | True |         10.0.2.15          | 255.255.255.0 | global | 02:51:75:a4:93:2b |
[   12.592504] cloud-init[671]: ci-info: | enp0s3 | True | fe80::51:75ff:fea4:932b/64 |       .       |  link  | 02:51:75:a4:93:2b |
[   12.594162] cloud-init[671]: ci-info: |   lo   | True |         127.0.0.1          |   255.0.0.0   |  host  |         .         |
[   12.595604] cloud-init[671]: ci-info: |   lo   | True |          ::1/128           |       .       |  host  |         .         |
[   12.596865] cloud-init[671]: ci-info: +--------+------+----------------------------+---------------+--------+-------------------+
[   12.599697] cloud-init[671]: ci-info: ++++++++++++++++++++++++++++Route IPv4 info+++++++++++++++++++++++++++++
[   12.616709] cloud-init[671]: ci-info: +-------+-------------+----------+-----------------+-----------+-------+
[   12.618800] cloud-init[671]: ci-info: | Route | Destination | Gateway  |     Genmask     | Interface | Flags |
[   12.621053] cloud-init[671]: ci-info: +-------+-------------+----------+-----------------+-----------+-------+
[   12.622531] cloud-init[671]: ci-info: |   0   |   0.0.0.0   | 10.0.2.2 |     0.0.0.0     |   enp0s3  |   UG  |
[   12.625224] cloud-init[671]: ci-info: |   1   |   10.0.2.0  | 0.0.0.0  |  255.255.255.0  |   enp0s3  |   U   |
[   12.626709] cloud-init[671]: ci-info: |   2   |   10.0.2.2  | 0.0.0.0  | 255.255.255.255 |   enp0s3  |   UH  |
[   12.628226] cloud-init[671]: ci-info: +-------+-------------+----------+-----------------+-----------+-------+
[   12.629719] cloud-init[671]: ci-info: +++++++++++++++++++Route IPv6 info+++++++++++++++++++
[   12.630674] cloud-init[671]: ci-info: +-------+-------------+---------+-----------+-------+
[   12.631816] cloud-init[671]: ci-info: | Route | Destination | Gateway | Interface | Flags |
[   12.633116] cloud-init[671]: ci-info: +-------+-------------+---------+-----------+-------+
[   12.634757] cloud-init[671]: ci-info: |   1   |  fe80::/64  |    ::   |   enp0s3  |   U   |
[   12.636424] cloud-init[671]: ci-info: |   3   |    local    |    ::   |   enp0s3  |   U   |
[   12.637579] cloud-init[671]: ci-info: |   4   |   ff00::/8  |    ::   |   enp0s3  |   U   |
[   12.638653] cloud-init[671]: ci-info: +-------+-------------+---------+-----------+-------+
[   13.412398] cloud-init[671]: Generating public/private rsa key pair.
[   13.413478] cloud-init[671]: Your identification has been saved in /etc/ssh/ssh_host_rsa_key.
[   13.414602] cloud-init[671]: Your public key has been saved in /etc/ssh/ssh_host_rsa_key.pub.
[   13.416240] cloud-init[671]: The key fingerprint is:
[   13.417490] cloud-init[671]: SHA256:n1uo99L58GTtF+QMQRXERzcOor69MNoZGRSR3EWwXV4 root@ubuntu-bionic
[   13.419092] cloud-init[671]: The key's randomart image is:
[   13.424038] cloud-init[671]: +---[RSA 2048]----+
[   13.429715] cloud-init[671]: |        .o+o==+BE|
[   13.430820] cloud-init[671]: |         oo.+.=.=|
[   13.431790] cloud-init[671]: |         o . ..o.|
[   13.432579] cloud-init[671]: |        o    . . |
[   13.434307] cloud-init[671]: |        So    =  |
[   13.435389] cloud-init[671]: |         .=o   = |
[   13.436428] cloud-init[671]: |         *+oo.o o|
[   13.437496] cloud-init[671]: |        o.Bo+= ..|
[   13.438572] cloud-init[671]: |       ..+.+..o o|
[   13.439682] cloud-init[671]: +----[SHA256]-----+
[   13.440817] cloud-init[671]: Generating public/private dsa key pair.
[   13.441945] cloud-init[671]: Your identification has been saved in /etc/ssh/ssh_host_dsa_key.
[   13.444382] cloud-init[671]: Your public key has been saved in /etc/ssh/ssh_host_dsa_key.pub.
[   13.445841] cloud-init[671]: The key fingerprint is:
[   13.446626] cloud-init[671]: SHA256:S8Ii+B2kilE24TltPUJgWxOUfJrLSf21A3XY1ZQgqnU root@ubuntu-bionic
[   13.447798] cloud-init[671]: The key's randomart image is:
[   13.448571] cloud-init[671]: +---[DSA 1024]----+
[   13.449437] cloud-init[671]: |  ++*o     + oooo|
[   13.450273] cloud-init[671]: | o Boo.   + +  ..|
[   13.451133] cloud-init[671]: |  O ==o  + E     |
[   13.460689] cloud-init[671]: | + *+o..+ o      |
[   13.461564] cloud-init[671]: |o ooooooSo .     |
[   13.462528] cloud-init[671]: |.+ o+o o..o      |
[   13.463430] cloud-init[671]: |o . .   .  .     |
[   13.464243] cloud-init[671]: |                 |
[   13.464887] cloud-init[671]: |                 |
[   13.465556] cloud-init[671]: +----[SHA256]-----+
[   13.466380] cloud-init[671]: Generating public/private ecdsa key pair.
[   13.467404] cloud-init[671]: Your identification has been saved in /etc/ssh/ssh_host_ecdsa_key.
[   13.468740] cloud-init[671]: Your public key has been saved in /etc/ssh/ssh_host_ecdsa_key.pub.
[   13.470208] cloud-init[671]: The key fingerprint is:
[   13.471064] cloud-init[671]: SHA256:DMoDoFXk4XOemEZPuZre1lQSygJ/obnQgbKMQS+yRiM root@ubuntu-bionic
[   13.472414] cloud-init[671]: The key's randomart image is:
[   13.473342] cloud-init[671]: +---[ECDSA 256]---+
[   13.474289] cloud-init[671]: |o..++            |
[   13.475138] cloud-init[671]: |+o+o.....        |
[   13.475941] cloud-init[671]: |EB.====o .       |
[   13.477339] [[0;32m  OK  [0m] Started Initial cloud-init job (metadata service crawler).
[[0;32m  OK  [0m] Reached target System Initialization.
cloud-init         Starting LXD - unix socket.
[[0;32m  OK  [0m] Started Discard unused blocks once a week.
[[0;32m  OK  [0m] Started Daily apt download activities.
[[0;32m  OK  [0m] Started Message of the Day.
[[0;32m  OK  [0m] Listening on D-Bus System Message Bus Socket.
[671]: |*o++*X+=. .      |
[   13.487572] [[0;32m  OK  [0m] Started ACPI Events Check.
[[0;32m  OK  [0m] Reached target Paths.
         Starting Socket activation for snappy daemon.
[[0;32m  OK  [0m] Started Daily Cleanup of Temporary Directories.
[[0;32m  OK  [0m] Listening on UUID daemon activation socket.cloud-init[671]: |.. .B+= So       |
[   13.493554] cloud-init[671]: |.  ..+  .        |
[   13.494333] cloud-init[671]: |    o  o         |
[   13.494418] cloud-init[671]: |   . .. .        |
[   13.494498] cloud-init[671]: |    ...          |
[   13.494575] cloud-init[671]: +----[SHA256]-----+

[   13.497108] [[0;32m  OK  [0m] Started Daily apt upgrade and clean activities.
[[0;32m  OK  [0m] Reached target Timers.
[[0;32m  OK  [0m] Listening on Open-iSCSI iscsid Socket.
[[0;32m  OK  [0m] Listening on ACPID Listen Socket.
[[0;32m  OK  [0m] Reached target Network is Online.
cloud-init[671]: Generating public/private ed25519 key pair.[[0;32m  OK  [0m] Reached target Remote File Systems (Pre).
[[0;32m  OK  [0m] Reached target Remote File Systems.

[   13.502832]          Starting Availability of block devices...
[[0;32m  OK  [0m] Reached target Cloud-config availability.
[[0;32m  OK  [0m] Listening on LXD - unix socket.
[[0;32m  OK  [0m] Listening on Socket activation for snappy daemon.
[[0;32m  OK  [0m] Reached target Sockets.
[[0;32m  OK  [0m] Reached target Basic System.
cloud-init[671]: Your identification has been saved in /etc/ssh/ssh_host_ed25519_key.
[   13.510209] cloud-init[671]: Your public key has been saved in /etc/ssh/ssh_host_ed25519_key.pub.
[   13.511442]          Starting Login Service...
cloud-init[671]: The key fingerprint is:         Starting Accounts Service...
         Starting System Logging Service...

[   13.517973] cloud-init[671]: SHA256:rhG4LF957ispg8iQ/RUKMzk0Y6rc+bHGZBhJoeb9h9I root@ubuntu-bionic         Starting Pollinate to seed the pseudo random number generator...

         Starting LSB: Record successful boot for GRUB...
[   13.524326] cloud-init[671]: The key's randomart image is:
[   13.527450] cloud-init[671]: +--[ED25519 256]--+[[0;32m  OK  [0m] Started Regular background program processing daemon.

[[0;32m  OK  [0m] Started FUSE filesystem for LXC.
[   13.530137] [[0;32m  OK  [0m] Started D-Bus System Message Bus.
cloud-init[671]: |   ..            |
[   13.533639] cloud-init[671]: |  *.             |
[   13.534423] cloud-init[671]: | *.+.            |
[   13.535402] cloud-init[671]: |+ Bo ..          |
[   13.536849] cloud-init[671]: |o+.*=...S        |
[   13.537930] cloud-init[671]: |+..=+=o+         |
[   13.538966] cloud-init[671]: |o..+BE*oo        |
[   13.539850] cloud-init[671]: |...o=*+=         |
[   13.540736] cloud-init[671]: |    oo.o+.       |
[   13.541595] cloud-init[671]: +----[SHA256]-----+
         Starting Virtualbox guest utils...
         Starting Permit User Sessions...
[[0;32m  OK  [0m] Started irqbalance daemon.
         Starting Dispatcher daemon for systemd-networkd...
         Starting LSB: automatic crash report generation...
[[0;32m  OK  [0m] Started Deferred execution scheduler.
         Starting Snappy daemon...
         Starting LXD - container startup/shutdown...
[[0;32m  OK  [0m] Started System Logging Service.
[[0;32m  OK  [0m] Started Availability of block devices.
[[0;32m  OK  [0m] Started Permit User Sessions.
[[0;32m  OK  [0m] Started Login Service.
         Starting Authorization Manager...
[[0;32m  OK  [0m] Started Unattended Upgrades Shutdown.
         Starting Terminate Plymouth Boot Screen...
         Starting Hold until boot process finishes up...
[[0;32m  OK  [0m] Started Hold until boot process finishes up.
         Starting Set console scheme...
[[0;32m  OK  [0m] Started Serial Getty on ttyS0.
[[0;32m  OK  [0m] Started Terminate Plymouth Boot Screen.
[[0;32m  OK  [0m] Started Set console scheme.
[[0;32m  OK  [0m] Created slice system-getty.slice.
[[0;32m  OK  [0m] Started Getty on tty1.
[[0;32m  OK  [0m] Reached target Login Prompts.
[[0;32m  OK  [0m] Started LSB: automatic crash report generation.
[[0;32m  OK  [0m] Started LSB: Record successful boot for GRUB.
[[0;32m  OK  [0m] Started Virtualbox guest utils.
[[0;32m  OK  [0m] Started Authorization Manager.
[[0;32m  OK  [0m] Started Accounts Service.
[[0;32m  OK  [0m] Started LXD - container startup/shutdown.
[[0;32m  OK  [0m] Started Dispatcher daemon for systemd-networkd.
[[0;32m  OK  [0m] Started Snappy daemon.
         Starting Wait until snapd is fully seeded...
[[0;32m  OK  [0m] Started Pollinate to seed the pseudo random number generator.
         Starting OpenBSD Secure Shell server...
[[0;32m  OK  [0m] Started OpenBSD Secure Shell server.
[[0;32m  OK  [0m] Created slice User Slice of vagrant.
         Starting User Manager for UID 1000...
[[0;32m  OK  [0m] Started Session 1 of user vagrant.
[[0;32m  OK  [0m] Started User Manager for UID 1000.
[[0;32m  OK  [0m] Started Wait until snapd is fully seeded.
[[0;32m  OK  [0m] Reached target Multi-User System.
[[0;32m  OK  [0m] Reached target Graphical Interface.
         Starting Update UTMP about System Runlevel Changes...
         Starting Apply the settings specified in cloud-config...
[[0;32m  OK  [0m] Started Update UTMP about System Runlevel Changes.
[   19.416078] cloud-init[1393]: Cloud-init v. 19.2-36-g059d049c-0ubuntu2~18.04.1 running 'modules:config' at Fri, 15 Nov 2019 22:11:42 +0000. Up 18.85 seconds.

Ubuntu 18.04.3 LTS ubuntu-bionic ttyS0

ubuntu-bionic login: ci-info: no authorized ssh keys fingerprints found for user ubuntu.
<14>Nov 15 22:11:43 ec2: 
<14>Nov 15 22:11:43 ec2: #############################################################
<14>Nov 15 22:11:43 ec2: -----BEGIN SSH HOST KEY FINGERPRINTS-----
<14>Nov 15 22:11:43 ec2: 1024 SHA256:S8Ii+B2kilE24TltPUJgWxOUfJrLSf21A3XY1ZQgqnU root@ubuntu-bionic (DSA)
<14>Nov 15 22:11:43 ec2: 256 SHA256:DMoDoFXk4XOemEZPuZre1lQSygJ/obnQgbKMQS+yRiM root@ubuntu-bionic (ECDSA)
<14>Nov 15 22:11:43 ec2: 256 SHA256:rhG4LF957ispg8iQ/RUKMzk0Y6rc+bHGZBhJoeb9h9I root@ubuntu-bionic (ED25519)
<14>Nov 15 22:11:43 ec2: 2048 SHA256:n1uo99L58GTtF+QMQRXERzcOor69MNoZGRSR3EWwXV4 root@ubuntu-bionic (RSA)
<14>Nov 15 22:11:43 ec2: -----END SSH HOST KEY FINGERPRINTS-----
<14>Nov 15 22:11:43 ec2: #############################################################
-----BEGIN SSH HOST KEY KEYS-----
ecdsa-sha2-nistp256 AAAAE2VjZHNhLXNoYTItbmlzdHAyNTYAAAAIbmlzdHAyNTYAAABBBPAUzMslpCNZYyRFKuP8oOrKd66GBWvFu+OyJ+x51WpB/G1hYJMLOYrY9fse8DNYSA5jsd2CJdLANNWS6AoEST8= root@ubuntu-bionic
ssh-ed25519 AAAAC3NzaC1lZDI1NTE5AAAAIMOD8i0alzwhCLDQnVeLLNQtQwrB33CNdHf3Jb1tFkkW root@ubuntu-bionic
ssh-rsa AAAAB3NzaC1yc2EAAAADAQABAAABAQDAuK/iXqWDOg63x6ex2cFDHa28FskzxJt+nw3IZ4WGTO1s1mLE+RocULPxARVWC+9vpmJWvJ3qlif6DWBULxTyjrAuwH8AgzHLQdsyk8Z8s9uQhb9t1XSWq6NPS4ffpvw0i5VcSU1pGcwdGiCflZ+c91fqzc5s3PeLNDS8ZKSdoUXQ67LosOBNwPhBlZYB01hYkwfRMrN4d4TFwhfd4yUJWlLxSQBgeTVbw2zZ4ol84P0DrEW3o8zPDDQ3yRhTlnvSewy0oUl0CHcthUj1Hna0PX1PAB08oeUp7czkWC8pa6dyQpABslGm6SPeLUa314ATzgRM/5+mUn9E+pEH1P45 root@ubuntu-bionic
-----END SSH HOST KEY KEYS-----
[   20.259412] cloud-init[1535]: Cloud-init v. 19.2-36-g059d049c-0ubuntu2~18.04.1 running 'modules:final' at Fri, 15 Nov 2019 22:11:43 +0000. Up 20.05 seconds.
[   20.259498] cloud-init[1535]: ci-info: no authorized ssh keys fingerprints found for user ubuntu.
[   20.259706] cloud-init[1535]: Cloud-init v. 19.2-36-g059d049c-0ubuntu2~18.04.1 finished at Fri, 15 Nov 2019 22:11:43 +0000. Datasource DataSourceNoCloud [seed=/dev/sdb][dsmode=net].  Up 20.24 seconds
